// Jest Snapshot v1, https://goo.gl/fbAQLP

exports[`Expect to Render the Counter Button 1`] = `ShallowWrapper {}`;
