// Jest Snapshot v1, https://goo.gl/fbAQLP

exports[`Renders MainPage without Crashing 1`] = `ShallowWrapper {}`;
