// Jest Snapshot v1, https://goo.gl/fbAQLP

exports[`Snapshot with Jest 1`] = `ShallowWrapper {}`;
